#-----------------------------------------------------------
# Webtalk v2021.1 (64-bit)
# SW Build 3247384 on Thu Jun 10 19:36:33 MDT 2021
# IP Build 3246043 on Fri Jun 11 00:30:35 MDT 2021
# Start of session at: Thu Apr 11 14:46:58 2024
# Process ID: 8076
# Current directory: D:/Program_Station/Embedded_Program/GOWIN_FPGA/dds_fpga_control/sim/uart_spi_demo/uart_spi_demo.sim/sim_1/behav/xsim
# Command line: wbtcv.exe -mode batch -source D:/Program_Station/Embedded_Program/GOWIN_FPGA/dds_fpga_control/sim/uart_spi_demo/uart_spi_demo.sim/sim_1/behav/xsim/xsim.dir/tb_uart_loop_behav/webtalk/xsim_webtalk.tcl -notrace
# Log file: D:/Program_Station/Embedded_Program/GOWIN_FPGA/dds_fpga_control/sim/uart_spi_demo/uart_spi_demo.sim/sim_1/behav/xsim/webtalk.log
# Journal file: D:/Program_Station/Embedded_Program/GOWIN_FPGA/dds_fpga_control/sim/uart_spi_demo/uart_spi_demo.sim/sim_1/behav/xsim\webtalk.jou
#-----------------------------------------------------------
source D:/Program_Station/Embedded_Program/GOWIN_FPGA/dds_fpga_control/sim/uart_spi_demo/uart_spi_demo.sim/sim_1/behav/xsim/xsim.dir/tb_uart_loop_behav/webtalk/xsim_webtalk.tcl -notrace
